
viewport 390×844

the standing screens

  ✗ /line — SAID IT OUT LOUD   67px above the bottom

inside a lesson

  ✗ beat 0 — TAKE THE USEFUL BIT   67px above the bottom
  ✗ beat 1 — TAKE THE FIRST   67px above the bottom
  ✗ beat 2 — WHAT DOES OLÁ GIVE ME?   67px above the bottom
  ✗ beat 3 — NOW THE OTHER ONE: ADEUS   67px above the bottom
  ✗ beat 4 — WHAT DOES ADEUS GIVE ME?   67px above the bottom
  ✗ beat 5 — PUT THEM BACK TOGETHER   67px above the bottom
  ✗ beat 6 — TAKE IT AWAY   67px above the bottom
  ✗ beat 7 settled — CONTINUE   67px above the bottom
  ✗ beat 8 — TAKE THE USEFUL BIT   67px above the bottom
  ✗ beat 9 — TAKE THE FIRST   67px above the bottom
  ✗ beat 10 — WHAT DOES CHAMO-ME GIVE ME   67px above the bottom
  ✗ beat 11 — NOW THE OTHER ONE: SOU   67px above the bottom
  ✗ beat 12 — WHAT DOES SOU GIVE ME?   67px above the bottom
  ✗ beat 13 — NOW THE OTHER ONE: INGLÊS   67px above the bottom
  ✗ beat 14 — WHAT DOES INGLÊS GIVE ME?   67px above the bottom
  ✗ beat 15 — YOUR TURN   67px above the bottom
  ✗ beat 16 settled — CONTINUE   67px above the bottom
  ✗ beat 17 — TAKE IT AWAY   67px above the bottom
  ✓ the walk reached the release beat

building a Legend card


an errand in the Club


─── and again, tall ──────────────────────────────────────────────

viewport 390×1300

the standing screens

  ✗ /line — SAID IT OUT LOUD   67px above the bottom

inside a lesson

  ✗ beat 0 — TAKE THE USEFUL BIT   67px above the bottom
  ✗ beat 1 — TAKE THE FIRST   67px above the bottom
  ✗ beat 2 — WHAT DOES OLÁ GIVE ME?   67px above the bottom
  ✗ beat 3 — NOW THE OTHER ONE: ADEUS   67px above the bottom
  ✗ beat 4 — WHAT DOES ADEUS GIVE ME?   67px above the bottom
  ✗ beat 5 — PUT THEM BACK TOGETHER   67px above the bottom
  ✗ beat 6 — TAKE IT AWAY   67px above the bottom
  ✓ the walk reached the release beat

building a Legend card


an errand in the Club


8 docks, resting 67px above the bottom

8 control(s) out of place

  ✗ /line — SAID IT OUT LOUD — 67px above the bottom
  ✗ beat 0 — TAKE THE USEFUL BIT — 67px above the bottom
  ✗ beat 1 — TAKE THE FIRST — 67px above the bottom
  ✗ beat 2 — WHAT DOES OLÁ GIVE ME? — 67px above the bottom
  ✗ beat 3 — NOW THE OTHER ONE: ADEUS — 67px above the bottom
  ✗ beat 4 — WHAT DOES ADEUS GIVE ME? — 67px above the bottom
  ✗ beat 5 — PUT THEM BACK TOGETHER — 67px above the bottom
  ✗ beat 6 — TAKE IT AWAY — 67px above the bottom


19 docks, resting 67px above the bottom

20 control(s) out of place

  ✗ /line — SAID IT OUT LOUD — 67px above the bottom
  ✗ beat 0 — TAKE THE USEFUL BIT — 67px above the bottom
  ✗ beat 1 — TAKE THE FIRST — 67px above the bottom
  ✗ beat 2 — WHAT DOES OLÁ GIVE ME? — 67px above the bottom
  ✗ beat 3 — NOW THE OTHER ONE: ADEUS — 67px above the bottom
  ✗ beat 4 — WHAT DOES ADEUS GIVE ME? — 67px above the bottom
  ✗ beat 5 — PUT THEM BACK TOGETHER — 67px above the bottom
  ✗ beat 6 — TAKE IT AWAY — 67px above the bottom
  ✗ beat 7 settled — CONTINUE — 67px above the bottom
  ✗ beat 8 — TAKE THE USEFUL BIT — 67px above the bottom
  ✗ beat 9 — TAKE THE FIRST — 67px above the bottom
  ✗ beat 10 — WHAT DOES CHAMO-ME GIVE ME — 67px above the bottom
  ✗ beat 11 — NOW THE OTHER ONE: SOU — 67px above the bottom
  ✗ beat 12 — WHAT DOES SOU GIVE ME? — 67px above the bottom
  ✗ beat 13 — NOW THE OTHER ONE: INGLÊS — 67px above the bottom
  ✗ beat 14 — WHAT DOES INGLÊS GIVE ME? — 67px above the bottom
  ✗ beat 15 — YOUR TURN — 67px above the bottom
  ✗ beat 16 settled — CONTINUE — 67px above the bottom
  ✗ beat 17 — TAKE IT AWAY — 67px above the bottom
  ✗ controls move on a tall screen
