
████ 320

  ✓ the door has a button
  ✓ it is reachable with a thumb   44px
  ✓ it is on the first screen   740px
    button      rgb(255, 255, 255) on rgb(31, 93, 140)  6.99:1
  ✓ the button label reads on the button   6.99:1
    strapline   scrim 0.63  white-on-worst-case 6.53:1
  ✓ strapline clears AA against the brightest thing the photo could be   6.53:1

████ 390

  ✓ the door has a button
  ✓ it is reachable with a thumb   44px
  ✓ it is on the first screen   740px
    button      rgb(255, 255, 255) on rgb(31, 93, 140)  6.99:1
  ✓ the button label reads on the button   6.99:1
    strapline   scrim 0.63  white-on-worst-case 6.53:1
  ✓ strapline clears AA against the brightest thing the photo could be   6.53:1

████ 430

  ✓ the door has a button
  ✓ it is reachable with a thumb   44px
  ✓ it is on the first screen   740px
    button      rgb(255, 255, 255) on rgb(31, 93, 140)  6.99:1
  ✓ the button label reads on the button   6.99:1
    strapline   scrim 0.67  white-on-worst-case 7.46:1
  ✓ strapline clears AA against the brightest thing the photo could be   7.46:1

████ with the photograph blocked

  ✓ the strapline is still there
  ✓ the button is still there
  ✓ and it is not white text on nothing   rgb(36, 31, 26)

the type never sits on the photograph, and the door works without it
